Row,________row,________row______your_boat,_______gent-____ly_down_____the_stream;
__________________________________________________Row,________row,_________row______your_boat,
Mer-_ri-_ly,_mer-_ri-_ly,__mer-_ri-_ly,_mer-_ri-_ly,_life______is_but_______a__dream.
gent-_____ly_down______the_stream;___________________Mer-_ri-_ly,_mer-_ri-_ly,_mer-_ri-_ly,_mer-_ri-_ly,
