Are_you_sleep-_ing?_Are_you_sleep-_ing?
/
Broth-_er__John,_______Broth-_er__John,
Are____you_sleep-_ing?_Are____you_sleep-_ing?
Morn-_ing_bells_are_ring-_ing!_Morn-_ing_bells_are_ring-_ing!
Broth-____er________John,______Broth-____er________John,
Ding,_____dang,_____dong.______Ding,_____dang,_____dong.
Morn-_ing_bells_are_ring-_ing!_Morn-_ing_bells_are_ring-_ing!
