Row,_row,_row_your_boat,_gent-_ly_down_the_stream;__=
_________________________Row,_____row,_____row_your_boat,
Mer-_ri-_ly,_mer-_ri-_ly,_mer-_ri-_ly,_mer-_ri-_ly,_life_____is__but______a___dream._______=
gent-____ly__down_____the_stream;______=____________Mer-_ri-_ly,_mer-_ri-_ly,_mer-_ri-_ly,_mer-_ri-_ly,
