Oh,_how_love-_ly_is_the_ev-_en-_ing,_is_the_ev-_en-_ing,
/
When_the_bells_are_sweet-_ly__ring-___ing,_sweet-_ly__ring-___ing!
Oh,__how_love-_ly__is_____the_ev-_en-_ing,_is_____the_ev-_en-_ing,
Ding,____dong,_____ding,_____dong,______ding,_____dong.
When_the_bells_are_sweet-_ly_ring-_ing,_sweet-_ly_ring-_ing!
