Do-_na__no-_bis_pa-_cem,_pa-_cem._Do-_na_no-_bis_pa-___cem.
/
Do-_____na______no-_bis__pa-_cem._Do-_na___no-_bis___pa-___cem.
Do-_na__no-_bis_pa-_cem,_pa-_cem._Do-___na_no-___bis_pa-___cem.
Do-___na____no-_bis_pa-_cem._Do-_na__no-_bis_pa-___cem.
Do-___na____no-_bis_pa-_cem._Do-_na__no-_bis_pa-___cem.
