Gau-_de-_a-_mus,_Gau-_de-_a-_mus,_Gau-_de-_a-_mus_ho-_di-_e!
/
Gau-_de-_a-_mus,_Gau-_de-_a-_mus_ho-_di-_e!
/
Gau-_____________de-______________a-______________mus,
Gau-_de-_a-_mus,_Gau-_de-_a-_mus,_Gau-_de-_a-_mus_ho-_di-_e!
Gau-_____________de-_____________a-_mus_ho-_di-_e!
Gau-_de-_a-_mus,_Gau-_de-_a-_mus_ho-____di-_____e!
Gau-_de-_a-_mus,_Gau-_de-_a-_mus,
Gau-_____de-_____a-_______mus,
Gau-_de-_a-_mus_ho-_di-_e!_Ho-_____di-_e!
Gau-_____de-____________a-_mus_ho-_di-_e!
